Switch>
Switch>en
Switch#conf t
Enter configuration commands, one per line.  End with CNTL/Z.
Switch(config)#hostname
% Incomplete command.
Switch(config)#hostname S1
S1(config)#logging a
S1(config)#logging a
S1(config)#logging a
S1(config)#logging a
S1(config)#line con
% Incomplete command.
S1(config)#line con 0
S1(config-line)#loggin sy
S1(config-line)#loggin synchronous 
S1(config-line)#end
S1#
%SYS-5-CONFIG_I: Configured from console by console

S1#conf t
Enter configuration commands, one per line.  End with CNTL/Z.
S1(config)#int range fa0/1-24
S1(config-if-range)#shut





%LINK-5-CHANGED: Interface FastEthernet0/5, changed state to administratively down


%LINK-5-CHANGED: Interface FastEthernet0/7, changed state to administratively down

%LINK-5-CHANGED: Interface FastEthernet0/8, changed state to administratively down

%LINK-5-CHANGED: Interface FastEthernet0/9, changed state to administratively down

%LINK-5-CHANGED: Interface FastEthernet0/10, changed state to administratively down

%LINK-5-CHANGED: Interface FastEthernet0/11, changed state to administratively down

%LINK-5-CHANGED: Interface FastEthernet0/12, changed state to administratively down

%LINK-5-CHANGED: Interface FastEthernet0/13, changed state to administratively down

%LINK-5-CHANGED: Interface FastEthernet0/14, changed state to administratively down

%LINK-5-CHANGED: Interface FastEthernet0/15, changed state to administratively down

%LINK-5-CHANGED: Interface FastEthernet0/16, changed state to administratively down

%LINK-5-CHANGED: Interface FastEthernet0/17, changed state to administratively down

%LINK-5-CHANGED: Interface FastEthernet0/18, changed state to administratively down

%LINK-5-CHANGED: Interface FastEthernet0/19, changed state to administratively down

%LINK-5-CHANGED: Interface FastEthernet0/20, changed state to administratively down

%LINK-5-CHANGED: Interface FastEthernet0/21, changed state to administratively down

%LINK-5-CHANGED: Interface FastEthernet0/22, changed state to administratively down

%LINK-5-CHANGED: Interface FastEthernet0/23, changed state to administratively down

%LINK-5-CHANGED: Interface FastEthernet0/24, changed state to administratively down
S1(config-if-range)#
%LINK-5-CHANGED: Interface FastEthernet0/1, changed state to administratively down

%LINEPROTO-5-UPDOWN: Line protocol on Interface FastEthernet0/1, changed state to down

%LINK-5-CHANGED: Interface FastEthernet0/2, changed state to administratively down

%LINEPROTO-5-UPDOWN: Line protocol on Interface FastEthernet0/2, changed state to down

%LINK-5-CHANGED: Interface FastEthernet0/3, changed state to administratively down

%LINEPROTO-5-UPDOWN: Line protocol on Interface FastEthernet0/3, changed state to down

%LINK-5-CHANGED: Interface FastEthernet0/4, changed state to administratively down

%LINEPROTO-5-UPDOWN: Line protocol on Interface FastEthernet0/4, changed state to down

%LINK-5-CHANGED: Interface FastEthernet0/6, changed state to administratively down

%LINEPROTO-5-UPDOWN: Line protocol on Interface FastEthernet0/6, changed state to down

S1(config-if-range)#
S1(config-if-range)#int fa0/6
S1(config-if)#no shut

S1(config-if)#
%LINK-5-CHANGED: Interface FastEthernet0/6, changed state to up

%LINEPROTO-5-UPDOWN: Line protocol on Interface FastEthernet0/6, changed state to up

S1(config-if)#
S1(config-if)#vlan 99
S1(config-vlan)#name Management
S1(config-vlan)#vlan 10
S1(config-vlan)#name Staff
S1(config-vlan)#end
S1#
%SYS-5-CONFIG_I: Configured from console by console

S1#
S1#conf t
Enter configuration commands, one per line.  End with CNTL/Z.
S1(config)#int fa0/6
S1(config-if)#switchport access vlan 10
S1(config-if)#switchport mode access 
S1(config-if)#end
S1#
%SYS-5-CONFIG_I: Configured from console by console

S1#conf t
Enter configuration commands, one per line.  End with CNTL/Z.
S1(config)#ip address 192.168.99.11 255.255.255.0
               ^
% Invalid input detected at '^' marker.
	
S1(config)#int VLAN 99
S1(config-if)#
%LINK-5-CHANGED: Interface Vlan99, changed state to up

S1(config-if)#ip address 192.168.99.11 255.255.255.0
S1(config-if)#no shut
S1(config-if)#
S1(config-if)#end
S1#
%SYS-5-CONFIG_I: Configured from console by console

S1#
S1#copy run
% Incomplete command.
S1#copy run start
Destination filename [startup-config]? 
Building configuration...
[OK]
S1#

S1#conf t
Enter configuration commands, one per line.  End with CNTL/Z.
S1(config)#int range fa0/1-4
S1(config-if-range)#switchport mode trunk
S1(config-if-range)#switchport trunk native vlan 99
S1(config-if-range)#channel-
S1(config-if-range)#channel-group 2 mode active
S1(config-if-range)#
Creating a port-channel interface Port-channel 2

S1(config-if-range)#no channel-group 2 mode active
S1(config-if-range)#int fa0/1-2
                     ^
% Invalid input detected at '^' marker.
	
S1(config-if-range)#end
S1#
%SYS-5-CONFIG_I: Configured from console by console

S1#
S1#
S1#conf t
Enter configuration commands, one per line.  End with CNTL/Z.
S1(config)#int range fa0/1-2
S1(config-if-range)#channel-group 2 mode active
S1(config-if-range)#int range fa0/3-4
S1(config-if-range)#channel-group 1 mode active
S1(config-if-range)#
Creating a port-channel interface Port-channel 1

S1(config-if-range)#no shut

%LINK-5-CHANGED: Interface FastEthernet0/3, changed state to down

%LINK-5-CHANGED: Interface FastEthernet0/4, changed state to down
S1(config-if-range)#int range fa0/1-2
S1(config-if-range)#channel-group 2 mode active
S1(config-if-range)#no shut

%LINK-5-CHANGED: Interface FastEthernet0/1, changed state to down

%LINK-5-CHANGED: Interface FastEthernet0/2, changed state to down
S1(config-if-range)#

S1#show run
Building configuration...

Current configuration : 1927 bytes
!
version 12.2
no service timestamps log datetime msec
no service timestamps debug datetime msec
no service password-encryption
!
hostname S1
!
!
!
!
!
spanning-tree mode pvst
spanning-tree extend system-id
!
interface Port-channel1
 switchport trunk native vlan 99
 switchport mode trunk
!
interface Port-channel2
 switchport trunk native vlan 99
 switchport mode trunk
!
interface FastEthernet0/1
 switchport trunk native vlan 99
 switchport mode trunk
 channel-group 2 mode active
!
interface FastEthernet0/2
 switchport trunk native vlan 99
 switchport mode trunk
 channel-group 2 mode active
!
interface FastEthernet0/3
 switchport trunk native vlan 99
 switchport mode trunk
 channel-group 1 mode active
!
interface FastEthernet0/4
 switchport trunk native vlan 99
 switchport mode trunk
 channel-group 1 mode active
!
interface FastEthernet0/5
 shutdown
!
interface FastEthernet0/6
 switchport access vlan 10
 switchport mode access
!
interface FastEthernet0/7
 shutdown
!
interface FastEthernet0/8
 shutdown
!
interface FastEthernet0/9
 shutdown
!
interface FastEthernet0/10
 shutdown
!
interface FastEthernet0/11
 shutdown
!
interface FastEthernet0/12
 shutdown
!
interface FastEthernet0/13
 shutdown
!
interface FastEthernet0/14
 shutdown
!
interface FastEthernet0/15
 shutdown
!
interface FastEthernet0/16
 shutdown
!
interface FastEthernet0/17
 shutdown
!
interface FastEthernet0/18
 shutdown
!
interface FastEthernet0/19
 shutdown
!
interface FastEthernet0/20
 shutdown
!
interface FastEthernet0/21
 shutdown
!
interface FastEthernet0/22
 shutdown
!
interface FastEthernet0/23
 shutdown
!
interface FastEthernet0/24
 shutdown
!
interface GigabitEthernet0/1
!
interface GigabitEthernet0/2
!
interface Vlan1
 no ip address
 shutdown
!
interface Vlan99
 mac-address 0001.43db.6801
 ip address 192.168.99.11 255.255.255.0
!
!
!
!
line con 0
 logging synchronous
!
line vty 0 4
 login
line vty 5 15
 login
!
!
!
!
end


S1#show etherchannel summary
Flags:  D - down        P - in port-channel
        I - stand-alone s - suspended
        H - Hot-standby (LACP only)
        R - Layer3      S - Layer2
        U - in use      f - failed to allocate aggregator
        u - unsuitable for bundling
        w - waiting to be aggregated
        d - default port


Number of channel-groups in use: 2
Number of aggregators:           2

Group  Port-channel  Protocol    Ports
------+-------------+-----------+----------------------------------------------

1      Po1(SU)           LACP   Fa0/3(P) Fa0/4(P) интерфейс рабоатет в portchannel
2      Po2(SU)           LACP   Fa0/1(P) Fa0/2(P) 
S1#