
           cisco Systems, Inc.
           170 West Tasman Drive
           San Jose, California 95134-1706




Cisco IOS Software, C2960 Software (C2960-LANBASE-M), Version 12.2(25)FX, RELEASE SOFTWARE (fc1)
Copyright (c) 1986-2005 by Cisco Systems, Inc.
Compiled Wed 12-Oct-05 22:05 by pt_team
Image text-base: 0x80008098, data-base: 0x814129C4



Cisco WS-C2960-24TT (RC32300) processor (revision C0) with 21039K bytes of memory.


24 FastEthernet/IEEE 802.3 interface(s)
2 Gigabit Ethernet/IEEE 802.3 interface(s)

63488K bytes of flash-simulated non-volatile configuration memory.
Base ethernet MAC Address       : 00E0.F941.B3D5
Motherboard assembly number     : 73-9832-06
Power supply part number        : 341-0097-02
Motherboard serial number       : FOC103248MJ
Power supply serial number      : DCA102133JA
Model revision number           : B0
Motherboard revision number     : C0
Model number                    : WS-C2960-24TT
System serial number            : FOC1033Z1EY
Top Assembly Part Number        : 800-26671-02
Top Assembly Revision Number    : B0
Version ID                      : V02
CLEI Code Number                : COM3K00BRA
Hardware Board Revision Number  : 0x01


Switch   Ports  Model              SW Version              SW Image
------   -----  -----              ----------              ----------
*    1   26     WS-C2960-24TT      12.2                    C2960-LANBASE-M

Cisco IOS Software, C2960 Software (C2960-LANBASE-M), Version 12.2(25)FX, RELEASE SOFTWARE (fc1)
Copyright (c) 1986-2005 by Cisco Systems, Inc.
Compiled Wed 12-Oct-05 22:05 by pt_team

Press RETURN to get started!


%LINK-5-CHANGED: Interface FastEthernet0/3, changed state to up

%LINEPROTO-5-UPDOWN: Line protocol on Interface FastEthernet0/3, changed state to up

%LINK-5-CHANGED: Interface FastEthernet0/1, changed state to up

%LINEPROTO-5-UPDOWN: Line protocol on Interface FastEthernet0/1, changed state to up

%LINK-5-CHANGED: Interface FastEthernet0/18, changed state to up

%LINEPROTO-5-UPDOWN: Line protocol on Interface FastEthernet0/18, changed state to up


Switch>en
Switch#conf t
Enter configuration commands, one per line.  End with CNTL/Z.
Switch(config)#hostname S3
S3(config)#vtp domain CCNA
Changing VTP domain name from NULL to CCNA
S3(config)#vtp mode client
Setting device to VTP CLIENT mode.
S3(config)#vtp password cisco
Setting device VLAN database password to cisco
S3(config)#show vtp status
            ^
% Invalid input detected at '^' marker.
	
S3(config)#end
S3#
%SYS-5-CONFIG_I: Configured from console by console
show vtp status
VTP Version                     : 2
Configuration Revision          : 0
Maximum VLANs supported locally : 255
Number of existing VLANs        : 5
VTP Operating Mode              : Client
VTP Domain Name                 : CCNA
VTP Pruning Mode                : Disabled
VTP V2 Mode                     : Disabled
VTP Traps Generation            : Disabled
MD5 digest                      : 0x8C 0x29 0x40 0xDD 0x7F 0x7A 0x63 0x17 
Configuration last modified by 0.0.0.0 at 0-0-00 00:00:00
S3#%SPANTREE-2-RECV_PVID_ERR: Received 802.1Q BPDU on non trunk FastEthernet0/3 VLAN1.

%SPANTREE-2-BLOCK_PVID_LOCAL: Blocking FastEthernet0/3 on VLAN0001. Inconsistent port type.


%LINEPROTO-5-UPDOWN: Line protocol on Interface FastEthernet0/3, changed state to down

%LINEPROTO-5-UPDOWN: Line protocol on Interface FastEthernet0/3, changed state to up









S3 con0 is now available






Press RETURN to get started.













S3>
S3>
S3>en
S3#conf 
Configuring from terminal, memory, or network [terminal]? 
Enter configuration commands, one per line.  End with CNTL/Z.
S3(config)#int f0/1
S3(config-if)#switchport mode trunk

S3(config-if)#
%LINEPROTO-5-UPDOWN: Line protocol on Interface FastEthernet0/1, changed state to down

%LINEPROTO-5-UPDOWN: Line protocol on Interface FastEthernet0/1, changed state to up

S3(config-if)#int f0/3
S3(config-if)#switchport mode trunk
S3(config-if)#








S3 con0 is now available






Press RETURN to get started.













S3>
S3>en
S3#int f0/18
       ^
% Invalid input detected at '^' marker.
	
S3#conf t
Enter configuration commands, one per line.  End with CNTL/Z.
S3(config)#int f0/18
S3(config-if)#switchport mode access
S3(config-if)#switchport access vlan 10
S3(config-if)#int vlan 99
S3(config-if)#
%LINK-5-CHANGED: Interface Vlan99, changed state to up

%LINEPROTO-5-UPDOWN: Line protocol on Interface Vlan99, changed state to up

S3(config-if)#
S3(config-if)#ip address 192.168.3 255.255.255.0
                         ^
% Invalid input detected at '^' marker.
	
S3(config-if)#ip address 192.168.99.3 255.255.255.0
S3(config-if)#no shut
S3(config-if)#








S3 con0 is now available






Press RETURN to get started.





