Router>
Router>
Router>en
Router#conf t
Enter configuration commands, one per line.  End with CNTL/Z.
Router(config)#hostname R1
R1(config)#
R1(config)#
R1(config)#int G0/1
R1(config-if)#
R1(config-if)#
R1(config-if)#
R1(config-if)#ip address 192.168.1.1 255.255.255.0
R1(config-if)#no shut

R1(config-if)#
%LINK-5-CHANGED: Interface GigabitEthernet0/1, changed state to up

%LINEPROTO-5-UPDOWN: Line protocol on Interface GigabitEthernet0/1, changed state to up

R1(config-if)#int S0/1/0
R1(config-if)#ip address 10.1.1.1 255.255.255.252
R1(config-if)#no shut

%LINK-5-CHANGED: Interface Serial0/1/0, changed state to down
R1(config-if)#
R1(config-if)#clock-rate 128000
                   ^
% Invalid input detected at '^' marker.
	
R1(config-if)#clock ?
  rate  Configure serial interface clock speed
R1(config-if)#clock rate 128000
R1(config-if)#
R1(config-if)#
R1(config-if)#
%LINK-5-CHANGED: Interface Serial0/1/0, changed state to up

%LINEPROTO-5-UPDOWN: Line protocol on Interface Serial0/1/0, changed state to up









R1 con0 is now available






Press RETURN to get started.













R1>
R1>
R1>en
R1#
R1#
R1#conf t
Enter configuration commands, one per line.  End with CNTL/Z.
R1(config)#
R1(config)#router
R1(config)#router 
R1(config)#router rip
R1(config-router)#version 2
R1(config-router)#network 192.168.1.0
R1(config-router)#network 10.1.1.0
R1(config-router)#no auto
R1(config-router)#no auto-summary 
R1(config-router)#
R1>
R1>
R1>en
R1#
R1#
R1#conf t
Enter configuration commands, one per line.  End with CNTL/Z.
R1(config)#int g0/1
R1(config-if)#standby version 2
R1(config-if)#standby 1 ip 192.168.1.254
R1(config-if)#
%HSRP-6-STATECHANGE: GigabitEthernet0/1 Grp 1 state Init -> Init

R1(config-if)#standby 1 priority 150
R1(config-if)#standby 1 preempt
R1(config-if)#
%HSRP-6-STATECHANGE: GigabitEthernet0/1 Grp 1 state Speak -> Standby

%HSRP-6-STATECHANGE: GigabitEthernet0/1 Grp 1 state Standby -> Active

R1(config-if)#
R1(config-if)#end
R1#
%SYS-5-CONFIG_I: Configured from console by console
show standby
GigabitEthernet0/1 - Group 1 (version 2)
  State is Active
    8 state changes, last state change 00:58:55
  Virtual IP address is 192.168.1.254
  Active virtual MAC address is 0000.0C9F.F001
    Local virtual MAC address is 0000.0C9F.F001 (v2 default)
  Hello time 3 sec, hold time 10 sec
    Next hello sent in 2.263 secs
  Preemption enabled
  Active router is local
  Standby router is 192.168.1.3
  Priority 150 (configured 150)
  Group name is hsrp-Gig0/1-1 (default)
R1#