Router>
Router>
Router>en
Router#conf t
Enter configuration commands, one per line.  End with CNTL/Z.
Router(config)#
Router(config)#
Router(config)#int S0/1/0
Router(config-if)#ip addr 10.1.1.2
% Incomplete command.
Router(config-if)#ip addr 10.1.1.2 255.255.255.252
Router(config-if)#no shut

Router(config-if)#
%LINK-5-CHANGED: Interface Serial0/1/0, changed state to up

Router(config-if)#
Router(config-if)#
Router(config-if)#int S
%LINEPROTO-5-UPDOWN: Line protocol on Interface Serial0/1/0, changed state to up

                   ^
% Invalid input detected at '^' marker.
	
Router(config-if)#
Router(config-if)#int S0/1/1 
Router(config-if)#ip addr 10.2.2.2 255.255.255.252
Router(config-if)#no shiut
                       ^
% Invalid input detected at '^' marker.
	
Router(config-if)#no shut

Router(config-if)#
%LINK-5-CHANGED: Interface Serial0/1/1, changed state to up

Router(config-if)#
Router(config-if)#
Router(config-if)#clock rate 12
%LINEPROTO-5-UPDOWN: Line protocol on Interface Serial0/1/1, changed state to up
8000
Router(config-if)#
Router(config-if)#
Router(config-if)#end
Router#
%SYS-5-CONFIG_I: Configured from console by console

Router#
Router#conf t
Enter configuration commands, one per line.  End with CNTL/Z.
Router(config)#hostname R2
R2(config)#
R2(config)#
R2(config)#
R2(config)#line con 0
R2(config-line)#loggin sy
R2(config-line)#loggin synchronous 
R2(config-line)#end
R2#
%SYS-5-CONFIG_I: Configured from console by console

R2#
R2#conf 
Configuring from terminal, memory, or network [terminal]? 
Enter configuration commands, one per line.  End with CNTL/Z.
R2(config)#
R2(config)#int Lo1

R2(config-if)#
%LINK-5-CHANGED: Interface Loopback1, changed state to up

%LINEPROTO-5-UPDOWN: Line protocol on Interface Loopback1, changed state to up

R2(config-if)#ip addr 209.165.200.225 255.255.255.224
R2(config-if)#
R2(config-if)#
R2(config-if)#no shut
R2(config-if)#
R2>
R2>
R2>en
R2#conf t
Enter configuration commands, one per line.  End with CNTL/Z.
R2(config)#
R2(config)#
R2(config)#router rip 
R2(config-router)#version 2
R2(config-router)#network 10.1.1.0
R2(config-router)#network 10.2.2.0
R2(config-router)#no auto
R2(config-router)#no auto-summary 
R2(config-router)#no auto-summary 
R2(config-router)#default-info originate
R2(config-router)#